
/home/runner/work/exp-semantics-and-satisfiability-iiith/exp-semantics-and-satisfiability-iiith/experiment/simulation/Satisfiable.js
  295:15  warning  'isCorrect' is assigned a value but never used  no-unused-vars
  433:10  warning  'generateNewFormula' is defined but never used  no-unused-vars
  434:9   warning  'propositionalLogic' is not defined             no-undef
  435:9   warning  'propositionalLogic' is not defined             no-undef
  439:10  warning  'showSolution' is defined but never used        no-unused-vars
  440:9   warning  'propositionalLogic' is not defined             no-undef
  441:9   warning  'propositionalLogic' is not defined             no-undef
  445:10  warning  'clearAnswers' is defined but never used        no-unused-vars
  446:9   warning  'propositionalLogic' is not defined             no-undef
  447:9   warning  'propositionalLogic' is not defined             no-undef
  451:10  warning  'changeComplexity' is defined but never used    no-unused-vars
  452:9   warning  'propositionalLogic' is not defined             no-undef
  453:9   warning  'propositionalLogic' is not defined             no-undef
  457:10  warning  'resetStatistics' is defined but never used     no-unused-vars
  458:9   warning  'propositionalLogic' is not defined             no-undef
  459:9   warning  'propositionalLogic' is not defined             no-undef

/home/runner/work/exp-semantics-and-satisfiability-iiith/exp-semantics-and-satisfiability-iiith/experiment/simulation/mobile-detection.js
  393:7   warning  'mobileDetection' is assigned a value but never used  no-unused-vars
  396:38  warning  'module' is not defined                               no-undef
  397:3   warning  'module' is not defined                               no-undef

✖ 19 problems (0 errors, 19 warnings)

